No files changed, compilation skipped
Imported: Function validate((address,bytes32,bytes32,uint256,address),bool): 0xf3edcbe1
Imported: Function safeTransferFrom(address,address,uint256): 0x42842e0e
Imported: Function pauseMessageTypehash(): 0xda931fe4
Imported: Function upgradeToAndCall(address,bytes): 0x4f1ef286
Imported: Function proposer(): 0xa8e4fb90
Imported: Function challengeFirstLPP(address,uint256,(bytes,uint256,bytes32),bytes32[]): 0xec5efcbc
Imported: Function assertValidPreimageOracle(string,address,string): 0x5432987e
Imported: Function L2ProxyAdmin__Unauthorized(): 0xcde661e7
Imported: Function OPContractsManagerMigrator_DisputeGameNotEnabled(): 0xf666433c
Imported: Function fund(): 0xb60d4288
Imported: Function PolicyEngineStaking_InsufficientStake(): 0x5b2fce93
Imported: Function hash(): 0x09bd5a60
Imported: Function findLatestGames(uint32,uint256,uint256): 0x254bd683
Imported: Function MaxDepthTooLarge(): 0x77dfe332
Imported: Function NotInitialized(): 0x87138d5c
Imported: Function RELAY_GAS_CHECK_BUFFER(): 0x5644cfdf
Imported: Function NotPayable(): 0x1574f9f3
Imported: Function delegateBySig(address,uint256,uint256,uint8,bytes32,bytes32): 0xc3cda520
Imported: Function unpause(): 0x3f4ba83a
Imported: Function opcmUtils(): 0xfcd549f5
Imported: Function AnchorRootNotFound(): 0x6a6bc3b2
Imported: Function nonces(bytes32,bytes32): 0x1d5d26bc
Imported: Function REMOTE_CHAIN_ID(): 0x7d1d0c5b
Imported: Function maxGameDepth(): 0xfa315aa9
Imported: Function SP1PlonkAdapter_InvalidVerifier(): 0x3c516054
Imported: Function InvalidSchema(): 0xbf37b20e
Imported: Function setCode(bytes): 0x6c5d4ad0
Imported: Function getTimestamp(bytes32): 0xd45c4435
Imported: Function PostStateMatches(): 0x9843145b
Imported: Function portal(): 0x6425666b
Imported: Function setProxyType(address,uint8): 0x8d52d4a0
Imported: Function blueprints(): 0xb51f9c2b
Imported: Function loadBlobPreimagePart(uint256,uint256,bytes,bytes,uint256): 0x9d7e8769
Imported: Function revoke((bytes32,(bytes32,uint256))): 0x46926267
Imported: Function config(): 0x79502c55
Imported: Function InvalidClockExtension(): 0x8d77ecac
Imported: Function RELAY_RESERVED_GAS(): 0x8cbeeef2
Imported: Function changeBeneficiary(address): 0xdc070657
Imported: Function initBonds(uint32): 0x6593dc6e
Imported: Function burnFrom(address,uint256): 0x79cc6790
Imported: Function BlockNumberMatches(): 0xb8ed8830
Imported: Function drips(string): 0x4d7fba6e
Imported: Function SuperchainConfig_AlreadyPaused(address): 0xb7d86894
Imported: Function getOwner(): 0x893d20e8
Imported: Function multiAttestByDelegation((bytes32,(address,uint64,bool,bytes32,bytes,uint256)[],(uint8,bytes32,bytes32)[],address,uint64)[]): 0x95411525
Imported: Function setInitBond(uint32,uint256): 0x1e334240
Imported: Function verifier(): 0x2b7ac3f3
Imported: Function initialize(address,uint32,uint32,bytes32,uint64,address,(uint32,uint8,uint8,uint32,uint32,uint128),(address,address,address,address,address,address,address),uint256,address): 0x4843108d
Imported: Function maxClockDuration(): 0xdabd396d
Imported: Function challenge(uint256,bytes): 0xa03aafbf
Imported: Function ProxyAdminOwnedBase_NotResolvedDelegateProxy(): 0x54e433cd
Imported: Function burn(address,uint256): 0x9dc29fac
Imported: Function MESSAGE_VERSION(): 0x3f827a5a
Imported: Function InvalidSecondMemoryProof(): 0x834c4cd4
Imported: Function shell(): 0xf11d2ff4
Imported: Function getBool(bytes32): 0x7ae1cfca
Imported: Function DECIMALS(): 0x2e0f2625
Imported: Function isUpgrading(): 0xb7947262
Imported: Function lastUsedOPCM(): 0x8ed95502
Imported: Function loadPrecompilePreimagePart(uint256,address,uint64,bytes): 0xea713950
Imported: Function sentMessages(bytes32): 0x82e3702d
Imported: Function ETHLockbox_NoWithdrawalTransactions(): 0xd6cbd5f9
Imported: Function gameAtIndex(uint256): 0xbb8aa1fc
Imported: Function getAddress(bytes32): 0x21f8a721
Imported: Function livenessGuard(): 0xbe81c694
Imported: Function multiAttest((bytes32,(address,uint64,bool,bytes32,bytes,uint256)[])[]): 0x44adc90e
Imported: Function setFeature(bytes32,bool): 0xf2c4bc9e
Imported: Function gasLimit(): 0xf68016b7
Imported: Function operatorFeeConstant(): 0x16d3bc7f
Imported: Function getL1FeeUpperBound(uint256): 0xf1c7a58b
Imported: Function preimageLengths(bytes32): 0xfef2b4ed
Imported: Function proposalCount(): 0xda35c664
Imported: Function InvalidInputSize(): 0x7b1dafd1
Imported: Function batcherHash(): 0xe81b2c6d
Imported: Function PolicyEngineStaking_NotAllowedToSetBeneficiary(): 0x748e6666
Imported: Function foundationSafe(): 0x8851bfbd
Imported: Function relayETH(address,address,uint256): 0x4f0edcc9
Imported: Function isGameRegistered(address): 0xee658e45
Imported: Function createdAt(): 0xcf09e0d0
Imported: Function assertValidProxyAdmin(string,address,address): 0xed4c1914
Imported: Function TimelockGuard_NotOwner(): 0x5874e94f
Imported: Function respectedGameType(): 0x3c9f397c
Imported: Function ReentrantCall(): 0x37ed32e8
Imported: Function withdraw(): 0x3ccfd60b
Imported: Function LivenessModule2_InvalidResponsePeriod(): 0x74a7e96e
Imported: Function checkAfterExecution(bytes32,bool): 0x93271368
Imported: Function getAttestation(bytes32): 0xa3112a64
Imported: Function proofMaturityDelaySeconds(): 0xbf653a5c
Imported: Function transferFrom(address,address,uint256): 0x23b872dd
Imported: Function scalar(): 0xf45e65d8
Imported: Function setL1BlockValuesJovian(): 0x3db6be2b
Imported: Function prove(bytes): 0x375bfa5d
Imported: Function getImplementations(): 0x615f64fe
Imported: Function OptimismPortal_InvalidRootClaim(): 0x332a57f8
Imported: Function assertValidSuperchainConfig(string,address): 0x187f72f3
Imported: Function addLocalData(uint256,uint256,uint256): 0xf8f43ff6
Imported: Function resolvedAt(): 0x19effeb4
Imported: Function systemConfigImpl(): 0xbc3f6fd4
Imported: Function setRespectedGameType(uint32): 0x7fc48504
Imported: Function getRequiredBond(uint128): 0xc395e1ca
Imported: Function allowlist(address,address): 0xd98c07b7
Imported: Function ECDSAInvalidSignatureLength(uint256): 0xfce698f7
Imported: Function InvalidInputData(bytes,bytes): 0x1a0bbf9f
Imported: Function TimelockGuard_TransactionNotReady(): 0x503c42c4
Imported: Function Encoding_EmptySuperRoot(): 0x9103e7cd
Imported: Function preimageParts(bytes32,uint256): 0x61238bde
Imported: Function unstake(uint128): 0x458a1d6e
Imported: Function DeputyPauseModule_NotFromSafe(): 0x71da2c91
Imported: Function delayedWETH(): 0x215b7a1c
Imported: Function attest((bytes32,bytes32,uint64,uint64,uint64,bytes32,address,address,bool,bytes)): 0xe60c3505
Imported: Function transfer(address,uint256): 0xa9059cbb
Imported: Function transferOwnership(address): 0xf2fde38b
Imported: Function initialize(address,address[]): 0x946d9204
Imported: Function InvalidBondDistributionMode(): 0x078a3df4
Imported: Function OptimismPortal_InvalidOutputRootProof(): 0x426149af
Imported: Function upgradeSuperchain((address,(string,bytes)[])): 0x86fe1c66
Imported: Function balances(address): 0x27e235e3
Imported: Function splitDepth(): 0xec5e6308
Imported: Function setFjord(): 0x8e98b106
Imported: Function LogIndexTooHigh(): 0x94338eba
Imported: Function CannotDefendRootClaim(): 0xa42637bc
Imported: Function ClockTimeExceeded(): 0x3381d114
Imported: Function hasInstruction((string,bytes)[],string,bytes): 0x556dc178
Imported: Function l1CrossDomainMessenger(): 0xa7119869
Imported: Function OPContractsManagerV2_DuplicateUpgradeInstruction(string): 0xc28097b5
Imported: Function sendMessage(uint256,address,bytes): 0x7056f41f
Imported: Function minWithdrawalAmount(): 0x8312f149
Imported: Function wasRespectedGameTypeWhenCreated(): 0x250e69bd
Imported: Function finalizeERC20Withdrawal(address,address,address,address,uint256,bytes): 0xa9f9e675
Imported: Function disputeGameFinalityDelaySeconds(): 0x952b2797
Imported: Function assertValidDisputeGameFactory(string,address,address,address,address): 0xcc3a198c
Imported: Function implementationName(address): 0x238181ae
Imported: Function withdrawERC20(address,address): 0x9456fbcc
Imported: Function approve(address,uint256): 0x095ea7b3
Imported: Function assertValidAnchorStateRegistry(string,address,address,address,address,address,string): 0xc6a18c83
Imported: Function RECIPIENT(): 0x0d9019e1
Imported: Function pause(): 0x8456cb59
Imported: Function isGameRespected(address): 0x04e50fed
Imported: Function InvalidRMWInstruction(): 0xecf79d0d
Imported: Function OPContractsManagerV2_InvalidEthLockbox(): 0xc9fc7147
Imported: Function MessageDestinationSameChain(): 0x8ed9a95d
Imported: Function assertValidDisputeGame((string,address,(address,uint256,uint256,uint64,uint64,uint32,uint256,bytes32,address,address,address,uint256,address,address),bytes32,uint256,address,uint32,string),(address,address,address,address),(address,uint256)): 0x081932c0
Imported: Function getL1GasUsed(bytes): 0xde26c4a1
Imported: Function l1BaseFee(): 0x519b4bd3
Imported: Function setJovian(): 0xb3d72079
Imported: Function getRequiredThreshold(uint256): 0x86644d1e
Imported: Function ProxyAdminOwnedBase_NotProxyAdminOwner(): 0x7f12c64b
Imported: Function admin(): 0xf851a440
Imported: Function TimestampTooHigh(): 0x596a19a9
Imported: Function OPContractsManagerUtils_InvalidZKGameArgsLength(uint256): 0xbf33c07a
Imported: Function credit(address): 0xd5d44d80
Imported: Function configureTimelockGuard(uint256): 0x65cf50ec
Imported: Function messenger(): 0x3cb747bf
Imported: Function bridgeERC721To(address,address,address,uint256,uint32,bytes): 0xaa557452
Imported: Function RELAY_CONSTANT_OVERHEAD(): 0x83a74074
Imported: Function games(uint32,bytes32,bytes): 0x5f0150cb
Imported: Function DELEGATECALL(address,bytes): 0xedee6239
Imported: Function InvalidSplitDepth(): 0xe62ccf39
Imported: Function withdrawETH(address): 0x690d8320
Imported: Function TimelockGuard_TransactionNotScheduled(): 0x03c85973
Imported: Function EmptyItem(): 0x5ab458fb
Imported: Function PolicyEngineStaking_Paused(): 0x4e1a9b55
Imported: Function deposits(address,address): 0x8f601f66
Imported: Function gasPayingTokenName(): 0xd8444715
Imported: Function ETHLockbox_InsufficientBalance(): 0xe1ba9227
Imported: Function ClockNotExpired(): 0xf2440b53
Imported: Function revokeOffchain(bytes32): 0xcf190f34
Imported: Function signCancellation(bytes32): 0x06d8b7e2
Imported: Function pendingOwner(): 0xe30c3978
Imported: Function L1_STANDARD_BRIDGE_SLOT(): 0xf8c68de0
Imported: Function otherMessenger(): 0xdb505d80
Imported: Function created(uint256): 0x82cb6b72
Imported: Function setAddressManager(address): 0x0652b57a
Imported: Function Encoding_InvalidSuperRootVersion(): 0xc06b5238
Imported: Function gameOver(): 0xbdb337d1
Imported: Function FLOOR_CALLDATA_OVERHEAD(): 0xe46e245a
Imported: Function L2ContractsManager_DowngradeNotAllowed(address): 0xf8ce5d16
Imported: Function NativeAssetLiquidity_InsufficientBalance(): 0x7b7f21e9
Imported: Function SuperFaultDisputeGameInvalidRootClaim(): 0x2cfac082
Imported: Function pause(bytes32,address,bytes): 0x142b53c9
Imported: Function ProxyAdminOwnedBase_NotProxyAdminOrProxyAdminOwner(): 0xc4050a26
Imported: Function unpause(address): 0x57b001f9
Imported: Function ownerOf(uint256): 0x6352211e
Imported: Function validate((address,bytes32,uint256,address),bool): 0x41fe5385
Imported: Function validateWithOverrides((address,bytes32,uint256,address),bool,(address,address)): 0x0e9d5cb9
Imported: Function respectedGameTypeUpdatedAt(): 0x4fd0434c
Imported: Function unlockBond(uint256,bytes): 0x93988233
Imported: Function validateMigrationWithOverrides((address,address[],(address,address,address,address)[],(address,address,address),(uint32,uint256)[],(bytes32,uint256),uint32,bytes32,address),bool,(address,address),(address,address,address,address,address,address,address,address),(address,uint256,address)): 0x2d3ba474
Imported: Function Irrevocable(): 0x157bd4c3
Imported: Function OPContractsManagerUtils_ExtraTagInProd(address): 0xea91cf73
Imported: Function MIN_BOND_SIZE(): 0x7051472e
Imported: Function initLPP(uint256,uint32,uint32): 0xfaf37bc7
Imported: Function MINT_CAP(): 0x98f1312e
Imported: Function L1_ERC_721_BRIDGE_SLOT(): 0x19f5cea8
Imported: Function OPCM_SLOT(): 0x2efe2c63
Imported: Function daFootprintGasScalar(): 0xfe3d5710
Imported: Function l1ERC721Bridge(): 0xc4e8ddfa
Imported: Function withdrawals(address,address): 0xcd47bde1
Imported: Function TimelockGuard_TransactionAlreadyCancelled(): 0x3e8b8389
Imported: Function unlockETH(uint256): 0x8d445bd0
Imported: Function finalizeBridgeERC721(address,address,address,address,uint256,bytes): 0x761f4493
Imported: Function guardianSafe(): 0x9d786a02
Imported: Function ReservedBitsSet(): 0xb214675a
Imported: Function isModuleEnabled(address): 0x2d9ad53d
Imported: Function InvalidAmount(): 0x2c5211c6
Imported: Function optimismPortalImpl(): 0xa38d5595
Imported: Function NoChainIdNeeded(): 0x223db394
Imported: Function blobBaseFeeScalar(): 0x68d5dca6
Imported: Function SaferSafes_InsufficientLivenessResponsePeriod(): 0x47dca1ce
Imported: Function reveal(bytes): 0x72f12a5d
Imported: Function upgradePredeploys(address): 0x7c36f37e
Imported: Function setDevFeatureBitmap(bytes32): 0x1bec9d65
Imported: Function ProxyAdminOwnedBase_NotSharedProxyAdminOwner(): 0x075c4314
Imported: Function challenge(): 0xd2ef7398
Imported: Function ContentLengthMismatch(): 0x66c94485
Imported: Function NotInitializing(): 0xd7e6bcf8
Imported: Function setEcotone(): 0x22b90ab3
Imported: Function InvalidRevocation(): 0xccf3bb27
Imported: Function gameArgs(uint32): 0x74cc86ac
Imported: Function DeadlineExpired(): 0x1ab7da6b
Imported: Function isDevFeatureEnabled(bytes32): 0x78ecabce
Imported: Function proposalParts(address,uint256): 0xb2e67ba8
Imported: Function l2Bridge(): 0xae1f6aaf
Imported: Function loadBytes(address,bytes4,string,(string,bytes)[]): 0x1deed3ca
Imported: Function OPContractsManagerUtils_OZv5InitializableUnsupported(): 0xc372c509
Imported: Function upgradeTo(address): 0x3659cfe6
Imported: Function validateWithOverrides((address,bytes32,bytes32,uint256,address),bool,(address,address)): 0x8970ac44
Imported: Function optimismPortal(): 0x0a49cb03
Imported: Function TimelockGuard_InvalidVersion(): 0x9e2f7c4b
Imported: Function revokeByDelegation((bytes32,(bytes32,uint256),(uint8,bytes32,bytes32),address,uint64)): 0xa6d4dbc7
Imported: Function pause(address): 0x76a67a51
Imported: Function finalizeBridgeERC20(address,address,address,address,uint256,bytes): 0x0166a07a
Imported: Function OPContractsManagerUtils_DowngradeNotAllowed(address): 0xbfa4420d
Imported: Function delayedWETHImpl(): 0x74459cf3
Imported: Function governanceToken(): 0xf96dae0a
Imported: Function minOwners(): 0x4b810d3e
Imported: Function baseTokenURI(): 0xd547cfb7
Imported: Function AccessDenied(): 0x4ca88867
Imported: Function InvalidOffset(): 0x01da1572
Imported: Function optimismMintableERC20FactoryImpl(): 0xe3fef4a8
Imported: Function OptimismPortal_NoReentrancy(): 0xdfeaaeb8
Imported: Function clockExtension(): 0x6b6716c0
Imported: Function removeOwners(address[],address[]): 0xf6ac15c4
Imported: Function WrongStartingBlock(): 0x60f95d5a
Imported: Function configureLivenessModule((uint256,address)): 0x05ccf606
Imported: Function status(): 0x200d2ed2
Imported: Function GameAlreadyExists(bytes32): 0x014f6fe5
Imported: Function InvalidParent(): 0x5f53dd98
Imported: Function deposit(): 0xd0e30db0
Imported: Function devFeatureBitmap(): 0x1d8a4e92
Imported: Function MIN_GAS_DYNAMIC_OVERHEAD_DENOMINATOR(): 0x0c568498
Imported: Function oracle(): 0x7dc0d1d0
Imported: Function setAnchorState(address): 0x17cf21a9
Imported: Function getImplementation(): 0xaaf10f42
Imported: Function resolveWindow(): 0x21cf39ee
Imported: Function L2ContractsManager_OnlyDelegatecall(): 0xada337cf
Imported: Function version(): 0x54fd4d50
Imported: Function getGameImpl(uint32): 0xd457c3e0
Imported: Function OPContractsManagerMigrator_ChainIdsNotAscending(): 0xe5665c6c
Imported: Function otherBridge(): 0xc89701a2
Imported: Function OPContractsManagerV2_OnlyDelegateCall(): 0xccafc377
Imported: Function pausable(address): 0x32dfadd9
Imported: Function LivenessModule2_ResponsePeriodEnded(): 0xeb911af0
Imported: Function eip1559Denominator(): 0xd220a9e0
Imported: Function setUint(bytes32,uint256): 0xe2a4853a
Imported: Function setIsthmus(): 0x291b0383
Imported: Function proposals(uint256): 0x013cf08b
Imported: Function sentMessages(uint256): 0xbc294d7d
Imported: Function faultDisputeGameImpl(): 0xdea21984
Imported: Function IdOriginNotL2ToL2CrossDomainMessenger(): 0x7987c157
Imported: Function ProxyAdminOwnedBase_ProxyAdminNotFound(): 0x332144db
Imported: Function LivenessModule2_ModuleStillEnabled(): 0x70a38094
Imported: Function getRevokeTypeHash(): 0xb83010d3
Imported: Function setBytes32(bytes32,bytes32): 0x4e91db08
Imported: Function OPContractsManagerMigrator_ProxyAdminOwnerMismatch(): 0xd6fb21cd
Imported: Function addressManager(): 0x3ab76e9f
Imported: Function isGameFinalized(address): 0x0314d2b3
Imported: Function OPContractsManagerMigrator_SuperchainConfigMismatch(): 0xb24781a0
Imported: Function proposalBranches(address,uint256,uint256): 0xb4801e61
Imported: Function L2ProxyAdmin__L2ContractsManagerNotDeployed(address): 0xe1e56d9d
Imported: Function anchorGame(): 0xe0a840eb
Imported: Function baseGas(bytes,uint32): 0xb28ade25
Imported: Function startingBlockNumber(): 0x70872aa5
Imported: Function MINT_PERIOD(): 0x83ea6e97
Imported: Function LivenessModule2_UnauthorizedCaller(): 0xa1f20820
Imported: Function isAttestationValid(bytes32): 0xe30bb563
Imported: Function minters(address): 0xf46eccc4
Imported: Function Unauthorized(): 0x82b42900
Imported: Function isLocalOrGlobalPaused(address): 0x9956fd9e
Imported: Function blobbasefeeScalar(): 0xec707517
Imported: Function LiquidityController_Unauthorized(): 0x5fbc4ede
Imported: Function checkpoints(address,uint32): 0xf1127ed8
Imported: Function TimelockGuard_TransactionAlreadyExecuted(): 0x183ca431
Imported: Function createOptimismMintableERC20(address,string,string): 0xce5ac90f
Imported: Function l2TokenBridge(): 0x91c49bf8
Imported: Function BondTooLow(uint256,uint256): 0x000155b5
Imported: Function OPContractsManagerMigrator_InvalidStartingAnchorRoot(): 0xccf0a891
Imported: Function extraData(): 0x609d3334
Imported: Function ZK_DISPUTE_GAME(): 0x7c4e6c3c
Imported: Function livenessInterval(): 0x38af7c5c
Imported: Function getAttestTypeHash(): 0x12b11a17
Imported: Function OutOfOrderResolution(): 0x9a076646
Imported: Function l2ChainId(): 0xd6ae3cd5
Imported: Function getDomainSeparator(): 0xed24911d
Imported: Function getStartingAnchorRoot(): 0x664ed830
Imported: Function SUPER_ROOT_GAMES_MIGRATION(): 0x57411566
Imported: Function MIN_GAS_DYNAMIC_OVERHEAD_NUMERATOR(): 0x2828d7e8
Imported: Function eip712Domain(): 0x84b0196e
Imported: Function createOptimismMintableERC20WithDecimals(address,string,string,uint8): 0x8cf0629c
Imported: Function AlreadyExists(): 0x23369fa6
Imported: Function createStandardL2Token(address,string,string): 0x896f93d1
Imported: Function zeroHashes(uint256): 0x7ac54767
Imported: Function gameType(): 0xbbdc02db
Imported: Function loadKeccak256PreimagePart(uint256,bytes): 0xe1592611
Imported: Function LivenessModule2_ChallengeDoesNotExist(): 0x09f95920
Imported: Function create(string,(bool,uint256,address,bytes,(address,bytes,uint256)[])): 0xe551cdaa
Imported: Function LivenessModule2_InvalidFallbackOwner(): 0x552dd1b7
Imported: Function CrossL2Inbox_NoExecutingDeposits(): 0xdc9f4daa
Imported: Function mint(address,uint256): 0x40c10f19
Imported: Function step(uint256,bool,bytes,bytes): 0xd8cc1a3c
Imported: Function getGameUUID(uint32,bytes32,bytes): 0x96cd9720
Imported: Function InvalidMessage(): 0x6eca2e4b
Imported: Function getSchemaRegistry(): 0xf10b5cc8
Imported: Function rootClaim(): 0xbcef3b55
Imported: Function L2DevFeatureFlags_Unauthorized(): 0xee37fa85
Imported: Function l2Sender(): 0x9bf62d82
Imported: Function proxyAdmin(): 0x3e47158c
Imported: Function migrateLiquidity(address): 0x438ab5ac
Imported: Function InvalidInitialization(): 0xf92ee8a9
Imported: Function l1FeeOverhead(): 0x8b239f73
Imported: Function setDAFootprintGasScalar(uint16): 0x20f06fdc
Imported: Function anchors(uint32): 0x7258a807
Imported: Function provenWithdrawals(bytes32,address): 0xbb2c727e
Imported: Function InvalidPreimage(): 0x1968a902
Imported: Function OPContractsManagerMigrator_CustomGasTokenNotSupported(): 0xfba76236
Imported: Function PartOffsetOOB(): 0xfe254987
Imported: Function claimCredit(address): 0x60e27464
Imported: Function ChallengeNotActive(): 0xbeb11d3b
Imported: Function NoImplementation(uint32): 0x031c6de4
Imported: Function isOptimismMintableERC721(address): 0x5572acae
Imported: Function SemverComp_InvalidSemverParts(): 0x9eda858c
Imported: Function l2BlockNumberChallenger(): 0x30dbe570
Imported: Function messageVersion(): 0x52617f3c
Imported: Function PolicyEngineStaking_ZeroBeneficiary(): 0xda8aa8a1
Imported: Function NotEOA(): 0xba092d16
Imported: Function TimelockGuard_GuardNotConfigured(): 0x0832dd69
Imported: Function step(bytes,bytes,bytes32): 0xe14ced32
Imported: Function finalizeWithdrawalTransactionExternalProof((uint256,address,address,uint256,uint256,bytes),address): 0x43ca1c50
Imported: Function MIN_GAS_CALLDATA_OVERHEAD(): 0x028f85f7
Imported: Function proxyAdminOwner(): 0xdad544e0
Imported: Function OptimismPortal_InvalidDisputeGame(): 0xe29927ed
Imported: Function isPermittedMigrateSequence(address,address): 0x35b27eb2
Imported: Function l1CrossDomainMessengerImpl(): 0x58256afb
Imported: Function Encoding_InvalidSuperRootEncoding(): 0xb11ecfc0
Imported: Function parentIndex(): 0x7948690a
Imported: Function BondTransferFailed(): 0x83e6cc6b
Imported: Function delay(): 0x6a42b8f8
Imported: Function StatesNotContiguous(): 0x9a3b1199
Imported: Function InvalidShortString(): 0xb3512b0c
Imported: Function absolutePrestate(): 0x8d450a95
Imported: Function performMoves(address,(uint256,bytes32,bool)[]): 0xf25792cd
Imported: Function opcmV2(): 0x9106fd38
Imported: Function toRpcHexString(uint256): 0x3e7d7733
Imported: Function implementations(): 0x30e9012c
Imported: Function deterministicDeploymentProxy(): 0xe0145f5c
Imported: Function scheduledTransaction(address,bytes32): 0x12492d97
Imported: Function ETHLockbox_DifferentSuperchainConfig(): 0x84ab5515
Imported: Function modules(address): 0xa8ee49fe
Imported: Function withdrawERC20(address,address,uint256): 0x44004cc1
Imported: Function isIsthmus(): 0xb54501bc
Imported: Function initialize(address,uint256): 0xcd6dc687
Imported: Function withdrawalNetwork(): 0x82356d8a
Imported: Function loadLocalData(uint256,bytes32,bytes32,uint256,uint256): 0x52f0f3ad
Imported: Function recipient(): 0x66d003ac
Imported: Function getNonce(address): 0x2d0335ab
Imported: Function sendMessage(address,bytes,uint32): 0x3dbb202b
Imported: Function setMinBaseFee(uint64): 0x7616f0e8
Imported: Function AlreadyRevoked(): 0x905e7107
Imported: Function unlock(address,uint256): 0x7eee288d
Imported: Function OptimismPortal_LockboxNotAuthorizedForPortal(): 0x77cc4b2e
Imported: Function withdrawTo(address,address,uint256,uint32,bytes): 0xa3a79548
Imported: Function AlreadyInitialized(): 0x0dc149f0
Imported: Function GameDepthExceeded(): 0x56f57b2b
Imported: Function InsufficientValue(): 0x11011294
Imported: Function thresholdPercentage(): 0x4ed2859e
Imported: Function relayMessage(uint256,address,address,uint256,uint256,bytes): 0xd764ad0b
Imported: Function validateMigratedChain((address,address[],(address,address,address,address)[],(address,address,address),(uint32,uint256)[],(bytes32,uint256),uint32,bytes32,address),bool): 0x3b16016e
Imported: Function WITHDRAWAL_NETWORK(): 0xd0e12f90
Imported: Function passMessageToL1(bytes): 0xcafa81dc
Imported: Function startingRootHash(): 0x25fc2ace
Imported: Function setBool(bytes32,bool): 0xabfdcced
Imported: Function OptimismPortal_CallPaused(): 0xb9c3c2ef
Imported: Function numProofSubmitters(bytes32): 0x513747ab
Imported: Function finalizeBridgeETH(address,address,uint256,bytes): 0x1635f5fd
Imported: Function refundModeCredit(address): 0xc0d8bb74
Imported: Function InvalidRegistry(): 0x11a1e697
Imported: Function L2ContractsManager_InitializingDuringUpgrade(): 0xc996d784
Imported: Function deploy(bytes32,bytes): 0xcdcb760a
Imported: Function LivenessModule2_InvalidVersion(): 0xda21aed9
Imported: Function challenger(): 0x534db0e2
Imported: Function mint(uint256): 0xa0712d68
Imported: Function InvalidAttestations(): 0xe8bee839
Imported: Function deposits(address,address,uint256): 0x5d93a3fc
Imported: Function DeploymentFailed(): 0x30116425
Imported: Function checkTransaction(address,uint256,bytes,uint8,uint256,uint256,uint256,address,address,bytes,address): 0x75f0bb52
Imported: Function PolicyEngineStaking_SelfAllowlist(): 0xe541fb4a
Imported: Function variableResolutionCostPrecision(): 0x4ebaf3ce
Imported: Function StringTooLong(string): 0x305a27a9
Imported: Function increaseNonce(uint256): 0x79f7573a
Imported: Function deputyAuthMessageTypehash(): 0xcf2e2379
Imported: Function initiateWithdrawal(address,uint256,bytes): 0xc2b3e5ac
Imported: Function GameNotFinalized(): 0x4851bd9b
Imported: Function L2ToL1MessagePasserCGT_NotAllowedOnCGTMode(): 0xcdfaa111
Imported: Function OwnerRemovalFailed(string): 0xe94e84e9
Imported: Function setWithdrawalRoute(address,uint8): 0xb6c3ffec
Imported: Function createGameWithClaims(address,uint32,bytes32,bytes,(uint256,bytes32,bool)[]): 0xfd7cf859
Imported: Function verify((address,bytes,bytes32,uint32),bytes32,bytes): 0xd855814f
Imported: Function chainIdToBatchInboxAddress(uint256): 0x318b1b80
Imported: Function proposalBonds(address,uint256): 0xddcd58de
Imported: Function messageNonce(): 0xecc70428
Imported: Function PROOF_TYPEHASH(): 0x8b3e3bf6
Imported: Function isPermittedUpgradeSequence(address): 0xe7f75229
Imported: Function bondSize(): 0x7099c581
Imported: Function assertValidSuperPermissionedDisputeGame((string,address,(address,address,address),address,address,string),(address,address)): 0x8e56e820
Imported: Function sp1PlonkAdapterImpl(): 0x36862b0e
Imported: Function donateETH(): 0x8b4c40b0
Imported: Function TimelockGuard_InvalidTimelockDelay(): 0xa0ce228b
Imported: Function depositTransaction(address,uint256,uint64,bool,bytes): 0xe9e05c42
Imported: Function InvalidCrossDomainSender(): 0xbc22e2aa
Imported: Function OptimismPortal_GasLimitTooLow(): 0x70c8bdbd
Imported: Function upgrade(address,address,address,bytes,bytes32,uint8): 0x9d3f3edb
Imported: Function InvalidHeader(): 0xbabb01dd
Imported: Function NotInAccessList(): 0xe3c00816
Imported: Function setUpgrading(bool): 0x07c8f7b0
Imported: Function DENOMINATOR(): 0x918f8674
Imported: Function drip((address,bytes,bytes32,uint32),(address,bytes32,bytes)): 0xb1510e43
Imported: Function cancellationThreshold(address): 0xe647dee1
Imported: Function pauseTimestamps(address): 0x0e3b6d1f
Imported: Function totalProcessed(): 0x84411d65
Imported: Function getOperatorFee(uint256): 0x275aedd2
Imported: Function depositERC20(address,address,uint256,uint32,bytes): 0x58a997f6
Imported: Function verifierType(): 0x170227f7
Imported: Function challengerBond(): 0x68ccdc86
Imported: Function DOMAIN_SEPARATOR(): 0x3644e515
Imported: Function L2ProxyAdmin__UpgradeFailed(bytes): 0x1c0a89cc
Imported: Function UnknownCommitmentType(uint8): 0x81ff0713
Imported: Function sequenceNumber(): 0x64ca23ef
Imported: Function PERMISSIONED_ARGS_LENGTH(): 0xb0e55afd
Imported: Function verify(bytes32,bytes,bytes): 0x5bf48e3a
Imported: Function getInstructionByKey((string,bytes)[],string): 0xa96c46d6
Imported: Function getChallengePeriodEnd(address): 0xe10ffc92
Imported: Function BytesArrayTooLong(): 0x5623dc1c
Imported: Function upgrade(): 0xd55ec697
Imported: Function OptimismPortal_CalldataTooLarge(): 0x5aa3bac9
Imported: Function authorizeMinter(address): 0x0c984832
Imported: Function maxChallengeDuration(): 0xd2177bdd
Imported: Function OPContractsManagerMigrator_InvalidStartingRespectedGameType(): 0xe08e9618
Imported: Function isLocal(): 0x0ee04629
Imported: Function rootClaimByChainId(uint256): 0x5e234947
Imported: Function subgames(uint256,uint256): 0x2ad69aeb
Imported: Function peData(address): 0xc24d2c15
Imported: Function InvalidParentGame(): 0x346119f7
Imported: Function anchorStateRegistryImpl(): 0x2aecd35c
Imported: Function livenessSafeConfiguration(address): 0x47c03223
Imported: Function anchorStateRegistry(): 0x5c0cba33
Imported: Function setResolverRefundPercentage(uint256): 0x336409fd
Imported: Function validateCommitment(bytes): 0x93fb1944
Imported: Function setL1BlockValues(uint64,uint64,uint256,bytes32,uint64,bytes32,uint256,uint256): 0x015d8eb9
Imported: Function hasUnlockedCredit(address): 0x222abf45
Imported: Function assertValidSuperRootDisputeGames(string,address): 0x14555f43
Imported: Function assertValidNonSuperRootDisputeGames(string,address): 0x50812ec3
Imported: Function migrationValidator(): 0x0c27322a
Imported: Function upgrade((address,(bool,uint256,uint32,bytes)[],(string,bytes)[])): 0x8a847e2e
Imported: Function challengeLPP(address,uint256,(uint64[25]),(bytes,uint256,bytes32),bytes32[],(bytes,uint256,bytes32),bytes32[]): 0x3909af5c
Imported: Function cancelTransaction(address,bytes32,uint256,bytes): 0x096e01f7
Imported: Function InvalidSignature(): 0x8baa579f
Imported: Function WrongSchema(): 0x21b8eeb9
Imported: Function L2ContractsManager_FeatureFlagMismatch(): 0xa27dcc88
Imported: Function mipsImpl(): 0xe303272c
Imported: Function peel((address,uint256,bytes32)[]): 0x43913491
Imported: Function KECCAK_TREE_DEPTH(): 0x2055b36b
Imported: Function OPContractsManagerV2_ZeroGameImplementation(uint32): 0x7d46f581
Imported: Function getBytes32(bytes32): 0xa6ed563e
Imported: Function PolicyEngineStaking_ZeroAmount(): 0x2a47fdc8
Imported: Function burn(uint256): 0x42966c68
Imported: Function safeMint(address,uint256): 0xa1448194
Imported: Function deploy(((address),(address),(address),(address),(address,uint256),(address,uint256,uint8),(address,uint256,uint8),(address,uint256,uint8),(address,uint256,uint8),(address,string,string),bool,bool)): 0x9300a1ab
Imported: Function setBondSize(uint256): 0xd7d04e54
Imported: Function InvalidProposalStatus(): 0x7492a269
Imported: Function changeAdmin(address): 0x8f283970
Imported: Function validateMigratedChainWithOverrides((address,address[],(address,address,address,address)[],(address,address,address),(uint32,uint256)[],(bytes32,uint256),uint32,bytes32,address),bool,(address,address)): 0x495dfd3f
Imported: Function AnchorStateRegistry_InvalidAnchorGame(): 0x47ad367a
Imported: Function MAX_LEAF_COUNT(): 0x4d52b4c9
Imported: Function PRECOMPILE_CALL_RESERVED_GAS(): 0xb5e7154c
Imported: Function getUnresolvedGames(address,uint256,uint256): 0xcf8d0f75
Imported: Function getProxyAdmin(address): 0xf3b7dead
Imported: Function DisputeMonitorHelper_InvalidSearchRange(): 0xb22d5a5c
Imported: Function setStorage(bytes32,bytes32): 0x9b0b0fda
Imported: Function initialize(address,address): 0x485cc955
Imported: Function getDripInterval(string): 0x90547c14
Imported: Function validateMigration((address,address[],(address,address,address,address)[],(address,address,address),(uint32,uint256)[],(bytes32,uint256),uint32,bytes32,address),bool,(address,address,address,address,address,address,address,address),(address,uint256,address)): 0x3c3c3bcf
Imported: Function UnexpectedString(): 0x4b9c6abe
Imported: Function safeTransferFrom(address,address,uint256,bytes): 0xb88d4fde
Imported: Function ActiveProposal(): 0x55d4cbf9
Imported: Function startingSequenceNumber(): 0x59cebe09
Imported: Function multiRevokeByDelegation((bytes32,(bytes32,uint256)[],(uint8,bytes32,bytes32)[],address,uint64)[]): 0x0eabf660
Imported: Function OTHER_BRIDGE(): 0x7f46ddb2
Imported: Function OPContractsManagerUtils_ProxyMustLoad(string): 0x391074c9
Imported: Function InvalidAttestation(): 0xbd8ba84d
Imported: Function resendMessage(uint256,uint256,address,address,bytes): 0x6b0c3c5e
Imported: Function NativeAssetLiquidity_Unauthorized(): 0x565369fa
Imported: Function SystemConfig_InvalidFeatureState(): 0xf5828b04
Imported: Function OPContractsManagerMigrator_ZeroL2ChainId(): 0x0a3bb03c
Imported: Function computeSalt(uint256,string,string): 0x3bec67a0
Imported: Function startingOutputRoot(): 0x57da950e
Imported: Function OPTIMISM_PORTAL_INTEROP(): 0x98e15962
Imported: Function OptimismPortal_AlreadyFinalized(): 0x730a1074
Imported: Function ValidStep(): 0xfb4e40dd
Imported: Function overhead(): 0x0c18c162
Imported: Function proposalMetadata(address,uint256): 0x6551927b
Imported: Function challengeWindow(): 0x861a1412
Imported: Function status(string,uint8): 0x9bc94d01
Imported: Function increaseAllowance(address,uint256): 0x39509351
Imported: Function multiRevoke((bytes32,(bytes32,uint256)[])[]): 0x4cb7e9e5
Imported: Function ClaimAlreadyExists(): 0x80497e3b
Imported: Function makeGameArgs(uint256,address,address,(bool,uint256,uint32,bytes)): 0x8e4a6ec7
Imported: Function L2ContractsManager_InvalidV5Offset(): 0x10415a29
Imported: Function lockETH(): 0x1ee116bf
Imported: Function PERMIT2(): 0x6afdd850
Imported: Function setAddress(bytes32,address): 0xca446dd9
Imported: Function showLiveness(): 0x4c205d0d
Imported: Function WithdrawalFailed(): 0x27fcd9d1
Imported: Function l1StandardBridgeImpl(): 0xc34e047a
Imported: Function L2ContractsManager_EmptyImplementation(address): 0x1d38e985
Imported: Function OwnableInvalidOwner(address): 0x1e4fbdf7
Imported: Function gameCreator(): 0x37b1b229
Imported: Function baseFeeScalar(): 0xc5985918
Imported: Function GameNotInProgress(): 0x67fe1950
Imported: Function paused(address): 0x2e48152c
Imported: Function setUnsafeBlockSigner(address): 0x18d13918
Imported: Function pendingTransactions(address): 0xc127fd39
Imported: Function getName(): 0x17d7de7c
Imported: Function deleteProvenWithdrawal(bytes32,address): 0xba93107d
Imported: Function OptimismPortal_MigratingToSameRegistry(): 0x785df911
Imported: Function START_BLOCK_SLOT(): 0xe0e2016d
Imported: Function calculateChecksum((address,uint256,uint256,uint256,uint256),bytes32): 0x331b637f
Imported: Function startingProposal(): 0x938d689a
Imported: Function tokenByIndex(uint256): 0x4f6ccce7
Imported: Function burn(): 0x44df8e70
Imported: Function totalSupply(): 0x18160ddd
Imported: Function OPContractsManagerMigrator_InvalidGameType(): 0xaa32d8b5
Imported: Function OPContractsManagerMigrator_DuplicateL2ChainId(): 0x5b72e01f
Imported: Function IncorrectBondAmount(): 0x8620aa19
Imported: Function setImplementation(uint32,address,bytes): 0xb1070957
Imported: Function timestamp(): 0xb80777ea
Imported: Function ChallengeNotExpired(): 0x151f07fe
Imported: Function crossDomainMessageSender(): 0x38ffde18
Imported: Function attestByDelegation((bytes32,(address,uint64,bool,bytes32,bytes,uint256),(uint8,bytes32,bytes32),address,uint64)): 0x3c042715
Imported: Function claimDataLen(): 0x8980e0cc
Imported: Function AnchorStateRegistry_Unauthorized(): 0x2e5321ac
Imported: Function multiTimestamp(bytes32[]): 0xe71ff365
Imported: Function changeProxyAdmin(address,address): 0x7eff275e
Imported: Function OutOfGas(): 0x77ebef4d
Imported: Function setL1BlockValuesIsthmus(): 0x098999be
Imported: Function depositETHTo(address,uint32,bytes): 0x9a2ac6d5
Imported: Function OptimismPortal_InvalidInteropState(): 0x4425175b
Imported: Function getProxyImplementation(address): 0x204e1c7a
Imported: Function migrate((address[],(bool,uint256,uint32,bytes)[],(bytes32,uint256),uint32)): 0xba55287c
Imported: Function bridge(): 0xe78cea92
Imported: Function minBaseFee(): 0xa62611a2
Imported: Function isGameProper(address): 0x496b9c16
Imported: Function getDripCount(): 0xf1d42b47
Imported: Function bridgeERC20To(address,address,address,uint256,uint32,bytes): 0x540abf73
Imported: Function UnsupportedStateVersion(): 0x1f8b02a2
Imported: Function isCustomGasToken(): 0x21326849
Imported: Function OPContractsManagerUtils_ConfigLoadFailed(string): 0x2fa08019
Imported: Function setWhitelistedDeployer(address,bool): 0x08fd6322
Imported: Function setOwner(address): 0x13af4035
Imported: Function OPContractsManagerV2_InvalidUpgradeInput(): 0x9b506619
Imported: Function TimelockGuard_GuardStillEnabled(): 0xa4d234cb
Imported: Function DeputyPauseModule_ExecutionFailed(string): 0x8d1364be
Imported: Function OPContractsManagerMigrator_InteropNotEnabled(): 0x626c40ef
Imported: Function owner(): 0x8da5cb5b
Imported: Function MIN_WITHDRAWAL_AMOUNT(): 0xd3e5792b
Imported: Function preimagePartOk(bytes32,uint256): 0x8542cf50
Imported: Function pauseExpiry(): 0xf125af6b
Imported: Function remoteChainId(): 0xe9518196
Imported: Function BadProposal(): 0xc334f069
Imported: Function zkDisputeGameImpl(): 0x35aa1511
Imported: Function supportsInterface(bytes4): 0x01ffc9a7
Imported: Function isPermittedMigrateSequence(address): 0x257f19d2
Imported: Function basefee(): 0x5cf24969
Imported: Function revoke((bytes32,bytes32,uint64,uint64,uint64,bytes32,address,address,bool,bytes)): 0xe49617e1
Imported: Function getPastTotalSupply(uint256): 0x8e539e8c
Imported: Function VERSION(): 0xffa1ad74
Imported: Function OTHER_MESSENGER(): 0x9fce812c
Imported: Function decreaseAllowance(address,uint256): 0xa457c2d7
Imported: Function getAddresses(): 0xa39fac12
Imported: Function readPreimage(bytes32,uint256): 0xe03110e1
Imported: Function crossDomainMessageSource(): 0x24794462
Imported: Function getPastVotes(address,uint256): 0x3a46b1a8
Imported: Function setBatcherHash(address): 0x0a2ca2a9
Imported: Function ethLockbox(): 0xb682c444
Imported: Function InvalidHeaderRLP(): 0xd81d583b
Imported: Function SuperchainConfig_NotAlreadyPaused(address): 0x335b8695
Imported: Function DeputyPauseModule_Unauthorized(): 0x8d279ab5
Imported: Function stakingData(address): 0xeca51139
Imported: Function setImplementation(uint32,address): 0x14f6b1a3
Imported: Function ETHLockbox_Paused(): 0x9e729942
Imported: Function maximumGasLimit(): 0x0ae14b1b
Imported: Function setDeputy(address,bytes): 0x183b708b
Imported: Function receiveLiquidity(): 0x30f9765d
Imported: Function nonces(address): 0x7ecebe00
Imported: Function setAllowedStaker(address,bool): 0x504c1183
Imported: Function ADMIN(): 0x2a0acc6a
Imported: Function authorizePortal(address): 0xb2db82f5
Imported: Function permissionedDisputeGameImpl(): 0x98ccec3e
Imported: Function delegate(address): 0x5c19a95c
Imported: Function failedMessages(bytes32): 0xa4e7f8bd
Imported: Function basefeeScalar(): 0xbfb14fb7
Imported: Function setApprovalForAll(address,bool): 0xa22cb465
Imported: Function respond(): 0xdb16aab9
Imported: Function OptimismPortal_GasEstimation(): 0xab581036
Imported: Function numCheckpoints(address): 0x6fcfff45
Imported: Function InvalidResolverRefundPercentage(uint256): 0x16aa4e80
Imported: Function startBlock(): 0x48cd4cb1
Imported: Function OPContractsManagerUtils_UnsupportedGameType(): 0xddf137d0
Imported: Function initialize(address,string,string): 0x90657147
Imported: Function ZK_ARGS_LENGTH(): 0xeb10e1bb
Imported: Function ethLockboxImpl(): 0x7b491a98
Imported: Function ChallengeExists(): 0x9bb6c64e
Imported: Function multiRevokeOffchain(bytes32[]): 0x13893f61
Imported: Function OPContractsManagerV2_InvalidGameConfigs(): 0x7c165cd6
Imported: Function getVotes(address): 0x9ab24eb0
Imported: Function superPermissionedDisputeGameImpl(): 0x0af2d917
Imported: Function gasPayingTokenSymbol(): 0x550fcdc9
Imported: Function UNSAFE_BLOCK_SIGNER_SLOT(): 0x4f16540b
Imported: Function MessageTargetL2ToL2CrossDomainMessenger(): 0x4faa2509
Imported: Function attack(bytes32,uint256,bytes32): 0x472777c6
Imported: Function authorizedLockboxes(address): 0x225ce176
Imported: Function ParentGameNotResolved(): 0x92c506ae
Imported: Function gameCount(): 0x4d1975b4
Imported: Function OptimismPortal_ImproperDisputeGame(): 0xf395240e
Imported: Function vm(): 0x3a768463
Imported: Function OptimismPortal_ZeroAddress(): 0x70fba0c5
Imported: Function UnsupportedERCVersion(uint8): 0x1a66c692
Imported: Function params(): 0xcff0ab96
Imported: Function OPContractsManagerMigrator_ChainAlreadyMigrated(): 0xd4f98c32
Imported: Function OPContractsManagerV2_CannotUpgradeToCustomGasToken(): 0xe9b0e51a
Imported: Function InvalidPC(): 0x3f8200bc
Imported: Function balanceOf(address): 0x70a08231
Imported: Function InvalidOutputRootProof(): 0x9cc00b5b
Imported: Function DEPOSITOR_ACCOUNT(): 0xe591b282
Imported: Function challengeRootL2Block((bytes32,bytes32,bytes32,bytes32),bytes): 0x01935130
Imported: Function proposalBlocks(address,uint256,uint256): 0x882856ef
Imported: Function deputy(): 0xf1c9eed7
Imported: Function stakingToken(): 0x72f702f3
Imported: Function ECDSAInvalidSignatureS(bytes32): 0xd78bce0c
Imported: Function loadSha256PreimagePart(uint256,bytes): 0x8dc4be11
Imported: Function SENDER(): 0x6050f2f8
Imported: Function OPContractsManagerMigrator_SuperchainConfigNeedsUpgrade(): 0x494a0acc
Imported: Function optimismMintableERC20Factory(): 0x9b7d7f0a
Imported: Function configure(address,(string,bool,uint256,uint256)): 0x1cb81b88
Imported: Function sp1Verifier(): 0x52a07fa3
Imported: Function NotFound(): 0xc5723b51
Imported: Function L2BlockNumberChallenged(): 0x0ea2e752
Imported: Function claimData(): 0x3ec4d4d6
Imported: Function variableResolutionCost(): 0x23c30f59
Imported: Function LivenessModule2_ModuleNotEnabled(): 0x9fdada31
Imported: Function PORTAL(): 0x0ff754ea
Imported: Function disputeGameFactory(): 0xf2b4e617
Imported: Function getAnchorRoot(): 0xd83ef267
Imported: Function createOptimismMintableERC721(address,string,string): 0xd97df652
Imported: Function DeputyPauseModule_SuperchainNotPaused(): 0xeb7171cd
Imported: Function eip1559Elasticity(): 0xc9ff2d16
Imported: Function bridgeERC721(address,address,uint256,uint32,bytes): 0x3687011a
Imported: Function GameNotOver(): 0x04643c39
Imported: Function executable(string): 0xfc3e3eba
Imported: Function getChallenge(uint256,bytes): 0x848afb3d
Imported: Function getDripStatus(string): 0x0d8f4697
Imported: Function OPTIMISM_PORTAL_SLOT(): 0xfd32aa0f
Imported: Function tokenOfOwnerByIndex(address,uint256): 0x2f745c59
Imported: Function gameImpls(uint32): 0x1b685b9e
Imported: Function SuperchainConfig_OnlyGuardian(): 0xafbe9bc6
Imported: Function lastUsedOPCMVersion(): 0x9fabcc84
Imported: Function blobBaseFee(): 0xf8206140
Imported: Function NotEntered(): 0xbca35af6
Imported: Function migrateLiquidity(): 0xbda204bb
Imported: Function challengePeriod(): 0xf3f480d9
Imported: Function upgradeAndCall(address,address,bytes): 0x9623609d
Imported: Function OPContractsManagerV2_SuperchainConfigNeedsUpgrade(): 0x3afa7308
Imported: Function BadExtraData(): 0x9824bdab
Imported: Function OPContractsManagerMigrator_ZKDisputeGameNotEnabled(): 0x8cc8cc34
Imported: Function validateMessage((address,uint256,uint256,uint256,uint256),bytes32): 0xab4d6f75
Imported: Function claims(bytes32): 0xeff0f592
Imported: Function initialize(): 0x8129fc1c
Imported: Function allowance(address,address): 0xdd62ed3e
Imported: Function setBatcherHash(bytes32): 0xc9b26f61
Imported: Function l1FeeScalar(): 0x9e8c4966
Imported: Function weth(): 0x3fc8cef3
Imported: Function OptimismPortal_DisputeGameNotInvalidated(): 0x42102de6
Imported: Function TimelockGuard_TransactionAlreadyScheduled(): 0x80394de6
Imported: Function implementation(): 0x5c60da1b
Imported: Function getTreeRootLPP(address,uint256): 0x0359a563
Imported: Function bridgeETH(uint32,bytes): 0x09fc8843
Imported: Function OptimismPortal_NotAllowedOnCGTMode(): 0xbd58e0a2
Imported: Function setGasLimit(uint64): 0xb40a817c
Imported: Function UnexpectedRootClaim(bytes32): 0xf40239db
Imported: Function isGameClaimValid(address): 0x6c4f4467
Imported: Function L1_CROSS_DOMAIN_MESSENGER_SLOT(): 0x5d73369c
Imported: Function l2BlockNumberChallenged(): 0x3e3ac912
Imported: Function resolveClaim(uint256,uint256): 0x03c2924d
Imported: Function multiAttest((bytes32,bytes32,uint64,uint64,uint64,bytes32,address,address,bool,bytes)[],uint256[]): 0x91db0b7e
Imported: Function loadOrDeployProxy(address,bytes4,(address,address,uint256,string),string,(string,bytes)[]): 0x5e498f1d
Imported: Function LivenessModule2_ModuleNotConfigured(): 0xa0fe939b
Imported: Function contractsContainer(): 0x5a4dab33
Imported: Function AlreadyFinalized(): 0x475a2535
Imported: Function operatorFeeScalar(): 0x4d5d9a2a
Imported: Function baseFee(): 0x6ef25c3a
Imported: Function updateRetirementTimestamp(): 0xd5a3e12e
Imported: Function InvalidExpirationTime(): 0x08e8b937
Imported: Function finalizedWithdrawals(bytes32): 0xa14238e7
Imported: Function maxCancellationThreshold(address): 0xc9713656
Imported: Function AlreadyTimestamped(): 0x2e267946
Imported: Function bridgeERC20(address,address,uint256,uint32,bytes): 0x87087623
Imported: Function proveWithdrawalTransaction((uint256,address,address,uint256,uint256,bytes),uint256,(bytes32,bytes32,bytes32,bytes32),bytes[]): 0x4870496f
Imported: Function isMatchingInstructionByKey((string,bytes),string): 0xa24a6bf9
Imported: Function remoteChainID(): 0xd2382242
Imported: Function proofSubmitters(bytes32,uint256): 0xa3860f48
Imported: Function RELAY_CALL_OVERHEAD(): 0x4c1d6a69
Imported: Function NoCreditToClaim(): 0x17bfe5f7
Imported: Function GameOver(): 0xdf469ccb
Imported: Function ReinitializableBase_ZeroInitVersion(): 0x9b01afed
Imported: Function ETHLockbox_Unauthorized(): 0x665a1d1c
Imported: Function disputeGameBlacklist(address): 0x45884d32
Imported: Function isJovian(): 0x105d0b81
Imported: Function ZeroAddress(): 0xd92e233d
Imported: Function InvalidLength(): 0x947d5a84
Imported: Function depositETH(uint32,bytes): 0xb1a1a882
Imported: Function changeOwnershipToFallback(address): 0xbceb8eda
Imported: Function InvalidDisputedClaimIndex(): 0x30140332
Imported: Function UnexpectedList(): 0x1ff9b2e4
Imported: Function systemConfig(): 0x33d7e2bd
Imported: Function ConditionalDeployer_DeploymentFailed(bytes): 0xcb0fc6f7
Imported: Function isGameRegistered(address,address): 0xc376d31f
Imported: Function OptimismPortal_NotUsingLockbox(): 0x90dec371
Imported: Function EmptyInitcode(): 0x028512d4
Imported: Function resolverRefundPercentage(): 0x8ecb85e1
Imported: Function guardian(): 0x452a9320
Imported: Function getRevokeOffchain(address,bytes32): 0xb469318d
Imported: Function TimelockGuard_GuardNotEnabled(): 0x3f4b2966
Imported: Function withdraw(address,uint256,uint32,bytes): 0x32b7006d
Imported: Function deauthorizeMinter(address): 0xc6f69fbb
Imported: Function resolve(uint256,bytes,bytes): 0x7ae929d9
Imported: Function superFaultDisputeGameImpl(): 0x5c122ac1
Imported: Function migrateToSharedDisputeGame(address,address): 0xd36d4274
Imported: Function OptimismPortal_BadTarget(): 0xc5defbad
Imported: Function withdraw(uint256): 0x2e1a7d4d
Imported: Function ClaimAlreadyResolved(): 0xf1a94581
Imported: Function successfulMessages(bytes32): 0xb1b1b209
Imported: Function l1ERC721BridgeImpl(): 0x7d8bd0d8
Imported: Function acceptOwnership(): 0x79ba5097
Imported: Function timestamp(bytes32): 0x4d003070
Imported: Function l1FeeWallet(): 0xd4ff9218
Imported: Function initialize(address,address,(bytes32,uint256),uint32): 0x47a222c5
Imported: Function defend(bytes32,uint256,bytes32): 0x7b0f0adc
Imported: Function assertValidDelayedWETH(string,address,address,address,address,address,uint256,string): 0x360d339f
Imported: Function EventPayloadNotSentMessage(): 0xdf1eb586
Imported: Function TOKEN(): 0x82bfefc8
Imported: Function isFjord(): 0x960e3a23
Imported: Function gameData(): 0xfa24f743
Imported: Function minimumGasLimit(): 0x4add321d
Imported: Function challengeStartTime(address): 0x96de45a4
Imported: Function l1Head(): 0x6361506d
Imported: Function getUint(bytes32): 0xbd02d0f5
Imported: Function getChallengerDuration(uint256): 0xbd8da956
Imported: Function isGameRetired(address): 0x5958a193
Imported: Function upgrade(address,address): 0x99a88ec4
Imported: Function withdrawETH(address,uint256): 0x4782f779
Imported: Function bridgeETHTo(address,uint32,bytes): 0xe11013dd
Imported: Function fixedResolutionCost(): 0x95611852
Imported: Function OptimismPortal_InvalidMerkleProof(): 0x2e57ef3a
Imported: Function crossDomainMessageContext(): 0x7936cbee
Imported: Function getNumToResolve(uint256): 0x5a5fa2d9
Imported: Function DeputyPauseModule_InvalidDeputy(): 0x0618de07
Imported: Function initialize(address,uint256,uint8): 0xb49dc741
Imported: Function ownershipTransferredToFallback(): 0x5b2e9c03
Imported: Function InsufficientBond(): 0xe92c469f
Imported: Function upgrade(address): 0x0900f010
Imported: Function canRemove(address): 0xd45996f1
Imported: Function ENCODING_OVERHEAD(): 0xddd5a40f
Imported: Function BlockNumberTooHigh(): 0xd1f79e82
Imported: Function setImplementationName(address,string): 0x860f7cda
Imported: Function PolicyEngineStaking_ZeroAddress(): 0x55dc0e9b
Imported: Function setMinWithdrawalAmount(uint256): 0x85b5b14d
Imported: Function sendETH(address,uint256): 0x64a197f3
Imported: Function withdraw(address,uint256): 0xf3fef3a3
Imported: Function ECDSAInvalidSignature(): 0xf645eedf
Imported: Function setWithdrawalNetwork(uint8): 0x307f2962
Imported: Function l1Token(): 0xc01e1bd6
Imported: Function InvalidCommitmentLength(uint8,uint256,uint256): 0xfd9a7e5b
Imported: Function initialize(address): 0xc4d66de8
Imported: Function withdrawalDelaySeconds(): 0x71839418
Imported: Function move(bytes32,uint256,bytes32,bool): 0x6f034409
Imported: Function OptimismPortal_Unproven(): 0xcca6afda
Imported: Function InvalidLocalIdent(): 0xff137e65
Imported: Function superchainConfig(): 0x35e80ab3
Imported: Function minProposalSize(): 0xdd24f9bf
Imported: Function bondDistributionMode(): 0x378dd48c
Imported: Function normalModeCredit(address): 0x529d6a8c
Imported: Function symbol(): 0x95d89b41
Imported: Function xDomainMessageSender(): 0x6e296e45
Imported: Function getSchema(bytes32): 0xa2ea7c6e
Imported: Function InvalidRevocations(): 0xbf2f3a8b
Imported: Function renounceOwnership(): 0x715018a6
Imported: Function resolutionCheckpoints(uint256): 0xa445ece6
Imported: Function PERMISSIONLESS_ARGS_LENGTH(): 0x37eb4fa3
Imported: Function extend(address): 0x82005715
Imported: Function squeezeLPP(address,uint256,(uint64[25]),(bytes,uint256,bytes32),bytes32[],(bytes,uint256,bytes32),bytes32[]): 0xd18534b5
Imported: Function MessageAlreadyRelayed(): 0x9ca9480b
Imported: Function GameNotResolved(): 0xc105260a
Imported: Function DuplicateStep(): 0x9071e6af
Imported: Function IdentityPrecompileCallFailed(): 0xf7046f30
Imported: Function OwnableUnauthorizedAccount(address): 0x118cdaa7
Imported: Function OptimismPortal_ProofNotOldEnough(): 0xd9bc01be
Imported: Function L2ContractsManager_ImplNotFound(string): 0x476852c2
Imported: Function l1TokenBridge(): 0x36c717c1
Imported: Function ChallengeWindowNotOpen(): 0xf9e0d1f3
Imported: Function isEcotone(): 0x4ef6e224
Imported: Function getApproved(uint256): 0x081812fc
Imported: Function authorizeLockbox(address): 0x5ec15d89
Imported: Function OPTIMISM_MINTABLE_ERC20_FACTORY_SLOT(): 0x06c92657
Imported: Function delegates(address): 0x587cde1e
Imported: Function setGasConfigEcotone(uint32,uint32): 0x21d7fde5
Imported: Function setAddress(string,address): 0x9b2ea4bd
Imported: Function isPayable(): 0xce46e046
Imported: Function check(bytes): 0xc64b3bb5
Imported: Function deployments(address): 0x316b3739
Imported: Function OPContractsManagerMigrator_InvalidInitBond(): 0x108dabff
Imported: Function create(uint32,bytes32,bytes): 0x82ecf2f6
Imported: Function gasPrice(): 0xfe173b97
Imported: Function BadAuth(): 0xd386ef3e
Imported: Function L2ContractsManager_NotUpgradeable(address): 0xc3fe4a66
Imported: Function blacklistDisputeGame(address): 0x7d6be8dc
Imported: Function OPContractsManagerV2_InvalidUpgradeInstruction(string): 0x09f71494
Imported: Function retirementTimestamp(): 0x4086d183
Imported: Function setAllowedStakers(address[],bool): 0x06eea09a
Imported: Function revealedSecrets(bytes32): 0x246167bc
Imported: Function PolicyEngineStaking_NoStake(): 0x7739be10
Imported: Function getChallengeStatus(uint256,bytes): 0x79e8a8b3
Imported: Function addLeavesLPP(uint256,uint256,bytes,bytes32[],bool): 0x7917de1d
Imported: Function L1Block_NotAuthorizedToSetFeature(): 0xbe9d7ca6
Imported: Function disputeGameFactoryImpl(): 0xbb98b3f4
Imported: Function setRecipient(address): 0x3bbed4a0
Imported: Function mintPermittedAfter(): 0x00f8900c
Imported: Function DeputyPauseModule_NonceAlreadyUsed(): 0x73134565
Imported: Function multiRevoke((bytes32,bytes32,uint64,uint64,uint64,bytes32,address,address,bool,bytes)[],uint256[]): 0x88e5b2d9
Imported: Function stateVersion(): 0x1219a4e4
Imported: Function closeGame(): 0x786b844b
Imported: Function name(): 0x06fdde03
Imported: Function InvalidPrestate(): 0x696550ff
Imported: Function permit(address,address,uint256,uint256,uint8,bytes32,bytes32): 0xd505accf
Imported: Function opcmMigrator(): 0x01f36d45
Imported: Function challenge(address): 0x72fb9703
Imported: Function l1PAOMultisig(): 0xa4dec37a
Imported: Function number(): 0x8381f58a
Imported: Function l2BlockNumber(): 0x8b85902b
Imported: Function deploy((string,address,address,address,address,address,(bytes32,uint256),uint32,uint32,uint32,uint64,uint256,(uint32,uint8,uint8,uint32,uint32,uint128),(bool,uint256,uint32,bytes)[],bool)): 0xd576c5a0
Imported: Function resolvedSubgames(uint256): 0xfe2bbeb2
Imported: Function l1StandardBridge(): 0x078f29cf
Imported: Function finalizeWithdrawalTransaction((uint256,address,address,uint256,uint256,bytes)): 0x8c3152e9
Imported: Function transferOwnership(address,bool): 0xb242e534
Imported: Function InvalidExitedValue(): 0x0136cc76
Imported: Function setBytes32((bytes32,bytes32)[]): 0x0528afe2
Imported: Function register(string,address,bool): 0x60d7a278
Imported: Function clearLivenessModule(): 0x6092b318
Imported: Function finalizeETHWithdrawal(address,address,uint256,bytes): 0x1532ec34
Imported: Function hold(address,uint256): 0x977a5ec5
Imported: Function stake(uint128,address): 0xb166dfdd
Imported: Function OPContractsManagerMigrator_NoChains(): 0x9d11c17e
Imported: Function isMatchingInstruction((string,bytes),string,bytes): 0x88307bb5
Imported: Function minimumGasLimit(uint64): 0xa35d99df
Imported: Function lastLive(address): 0xe458779b
Imported: Function emitLog(bytes32[],bytes): 0xedebc13b
Imported: Function AlreadyRevokedOffchain(): 0xec9d6eeb
Imported: Function ClaimAboveSplit(): 0xb34b5c22
Imported: Function setFeature(bytes32): 0x46a4d780
Imported: Function usedNonces(bytes32): 0xfeb61724
Imported: Function assertValidOptimismPortal(string,address,address,address): 0x264c0e84
Imported: Function SUPER_PERMISSIONED_ARGS_LENGTH(): 0x87637c5c
Imported: Function clearTimelockGuard(): 0x5c3b4510
Imported: Function OPContractsManagerContainer_DevFeatureInProd(): 0xa3b4e706
Imported: Function remoteToken(): 0xd6c0b2c4
Imported: Function hold(address): 0xa7e21e80
Imported: Function resolve(): 0x2810e1d6
Imported: Function InvalidVerifier(): 0xbaa3de5f
Imported: Function L1Block_FeatureAlreadyEnabled(): 0x4f453260
Imported: Function DELAYED_WETH_SLOT(): 0x7e54b8ad
Imported: Function LivenessModule2_ChallengeAlreadyExists(): 0x9cd90904
Imported: Function recover(uint256): 0x0ca35682
Imported: Function fallbackOwner(): 0x602b263b
Imported: Function initialize(address,uint256,uint256,uint256,uint256): 0xf92ad219
Imported: Function InvalidChallengePeriod(): 0xb4e12433
Imported: Function isDeployerAllowed(address): 0xb1540a01
Imported: Function attest((bytes32,(address,uint64,bool,bytes32,bytes,uint256))): 0xf17325e7
Imported: Function LivenessModule2_OwnershipTransferFailed(): 0xe330ac05
Imported: Function ProxyAdminOwnedBase_NotProxyAdmin(): 0xe818dcc3
Imported: Function authorizedPortals(address): 0x0fd11077
Imported: Function UnknownChainId(): 0x0da789df
Imported: Function relayMessage((address,uint256,uint256,uint256,uint256),bytes): 0x8d1d298f
Imported: Function tokenURI(uint256): 0xc87b56dd
Imported: Function OPContractsManagerMigrator_InvalidAbsolutePrestate(): 0x0eae0411
Imported: Function isApprovedForAll(address,address): 0xe985e9c5
Imported: Function search(address,uint256,uint8): 0xcb4e6ab1
Imported: Function getL1Fee(bytes): 0x49948e0e
Imported: Function DEPLOY_V2_DISPUTE_GAMES(): 0xe3ffb8ea
Imported: Function ClaimAlreadyChallenged(): 0x85c345b0
Imported: Function isGameResolved(address): 0xfdbb3dcf
Imported: Function enableArbitraryContractDeployment(): 0xbdc7b54f
Imported: Function preimageOracleVersion(): 0xad7e7e40
Imported: Function proposalBlocksLen(address,uint256): 0x9d53a648
Imported: Function getAddress(string): 0xbf40fac1
Imported: Function REMOTE_TOKEN(): 0x033964be
Imported: Function withdrawERC721(address,address,uint256): 0x4025feb2
Imported: Function drip(string): 0x67148cd2
Imported: Function proxyType(address): 0x6bd9f516
Imported: Function MESSENGER(): 0x927ede2d
Imported: Function expiration(address): 0x04dbe3fe
Imported: Function unsafeBlockSigner(): 0x1fd19ee1
Imported: Function initialize(address,address,address): 0xc0c53b8b
Imported: Function assertValidMipsVm(string,address,address,string): 0xcf26abb4
Imported: Function totalBonds(): 0xf263c470
Imported: Function resourceConfig(): 0xcc731b02
Imported: Function UnexpectedGameType(): 0x86ef0f0b
Imported: Function depositERC20To(address,address,address,uint256,uint32,bytes): 0x838b2520
Imported: Function decimals(): 0x313ce567
Imported: Function opcmStandardValidator(): 0xba7903db
Imported: Function MessageDestinationNotRelayChain(): 0x31ac2211
Imported: Function gasPayingToken(): 0x4397dfef
Imported: Function PolicyEngineStaking_SameBeneficiary(): 0xb69cd213
Imported: Function isPermittedUpgradeSequence(address,address): 0x814258d1
Imported: Function setL1BlockValuesEcotone(): 0x440a5e20
Imported: Function OptimismPortal_NotUsingInterop(): 0x4a651100
Imported: Function isFeatureEnabled(bytes32): 0x47af267b
Imported: Function InvalidDataRemainder(): 0x5c5537b8
Imported: Function UnexpectedPreambleData(bytes): 0x57a05835
Imported: Function maxProveDuration(): 0xbcbe5094
Imported: Function timeouts(address,bytes32): 0x38757bfd
Imported: Function InvalidGameArgsLength(): 0xbff6e416
Imported: Function claimData(uint256): 0xc6f0308c
Imported: Function TreeSizeOverflow(): 0x62295723
Imported: Function safe(): 0x186f0354
Imported: Function GamePaused(): 0x379a7ed9
Imported: Function NotABlueprint(): 0x31f56e1f
Imported: Function paused(): 0x5c975abb
Imported: Function whitelist(address): 0x9b19251a
Imported: Function LivenessModule2_ResponsePeriodActive(): 0x279e3d24
Imported: Function InvalidMemoryProof(): 0x8e77b2b7
Imported: Function OPContractsManagerMigrator_SystemPaused(): 0x3a81b448
Imported: Function timelockDelay(address): 0x5698b16a
Imported: Function assertValidOptimismMintableERC20Factory(string,address,address,address): 0xe23567e9
Imported: Function OPContractsManagerV2_InvalidUpgradeSequence(string,string): 0x9193f97a
Imported: Function standardValidatorUtils(): 0x1094bfad
Imported: Function initVersion(): 0x38d38c97
Imported: Function BRIDGE(): 0xee9a31a2
Imported: Function setOperatorFeeScalars(uint32,uint64): 0x155b6c6f
Imported: Function InvalidProof(): 0x09bde339
Imported: Function l2SequenceNumber(): 0x99735e32
Imported: Function getL1BlockNumber(): 0xb9b3efe9
Imported: Function PE_DATA_SLOT(): 0xb3999a47
Imported: Function scheduleTransaction(address,uint256,(address,uint256,bytes,uint8,uint256,uint256,uint256,address,address),bytes): 0x0e40beec
Imported: Function CALL(address,bytes,uint256): 0x6e2d44ae
Imported: Function OptimismPortal_InvalidProofTimestamp(): 0xb4caa4e5
Imported: Function checkWithdrawal(bytes32,address): 0x71c1566e
Imported: Function setEIP1559Params(uint32,uint32): 0xc0fd4b41
Imported: Function isGameBlacklisted(address): 0x34a346ea
Imported: Function InvalidNonce(): 0x756688fe
Imported: Function OptimismPortal_InvalidLockboxState(): 0x9c46cd79
Imported: Function TX_BASE_GAS(): 0x2f7d3922
Imported: Event Proved(address): 0x5e6565d9ca2f5c8501d6418bf563322a7243ba7ace266d75eac99f4adbb30ba7
Imported: Event Unstaked(address,uint128): 0x23eb338ed2df691870bc931bf6328c55b2708178ecf1f1b3e889afca4418adea
Imported: Event ERC20WithdrawalFinalized(address,address,address,address,uint256,bytes): 0x3ceee06c1e37648fcbb6ed52e17b3e1f275a1f8c7b22a84b2b84732431e046b3
Imported: Event WithdrawalInitiated(address,address,address,address,uint256,bytes): 0x73d170910aba9e6d50b102db522b1dbcd796216f5128b445aa2135272886497e
Imported: Event RecipientUpdated(address,address): 0x62e69886a5df0ba8ffcacbfc1388754e7abd9bde24b036354c561f1acd4e4593
Imported: Event PauseTriggered(address,bytes32,address): 0xaa64a95e3acb9db4deaf865d9fcc62a5d47996b643e7fcc799e3b499c9bff2d9
Imported: Event WhitelistDisabled(address): 0xc0e106cf568e50698fdbde1eff56f5a5c966cc7958e37e276918e9e4ccdf8cd4
Imported: Event ETHWithdrawalFinalized(address,address,uint256,bytes): 0x2ac69ee804d9a7a0984249f508dfab7cb2534b465b6ce1580f99a38ba9c5e631
Imported: Event Withdrawal(uint256,address,address): 0xc8a211cc64b6ed1b50595a9fcb1932b6d1e5a6e8ef15b60e5b1f988ea9086bba
Imported: Event LiquidityBurned(address,uint256): 0x875e07afd7ce17c6531b1a6b7b34829dcd8b7e6639448afbd6a8e29fa1422b82
Imported: Event WhitelistStatusChanged(address,bool): 0x8daaf060c3306c38e068a75c054bf96ecd85a3db1252712c4d93632744c42e0d
Imported: Event RelayedMessage(bytes32): 0x4641df4a962071e12719d8c8c8e5ac7fc4d97b927346a3d7a335b1f7517e133c
Imported: Event NonceIncreased(uint256,uint256): 0x57b09af877df9068fd60a69d7b21f5576b8b38955812d6ae4ac52942f1e38fb7
Imported: Event RelayedMessage(uint256,uint256,bytes32,bytes32): 0xc270d73e26d2d39dee7ef92093555927e344e243415547ecc350b2b5385b68a2
Imported: Event AdminChanged(address,address): 0x7e644d79422f17c01e4894b5f4f588d331ebfa28653d42ae832dc59e38c9798f
Imported: Event LiquidityMigrated(address,uint256): 0x87eb4064140fbec95a8de570e01b4c650c00ecd677560af9f298a975b636c22d
Imported: Event Resolved(uint8): 0x5e186f09b9c93491f14e277eea7faa5de6a2d4bda75a79af7a3684fbfb42da60
Imported: Event OwnershipTransferStarted(address,address): 0x38d16b8cac22d99fc7c124b9cd0de2d3fa1faef420bfe791d8c362d765e22700
Imported: Event Registered(bytes32,address,(bytes32,address,bool,string)): 0xd0b86852e21f9e5fa4bc3b0cff9757ffe243d50c4b43968a42202153d651ea5e
Imported: Event SendETH(address,address,uint256,uint256): 0xed98a2ff78833375c368471a747cdf0633024dde3f870feb08a934ac5be83402
Imported: Event WithdrewERC20(address,address,address,uint256): 0x6b00f1c7883f053ba83e907fd1965b22fffe3c4111383e725f04638a566cdbfa
Imported: Event LiquidityDeposited(address,uint256): 0x7ff07ce9a287649537e4b012e45cf012d90228b12e2b56bb03515a6b5436fcdf
Imported: Event TransactionExecuted(address,bytes32): 0xdd4b9b318b98162cb1e7b52752a3fd110d5b7966f3b50884c1cd3bd04058e5c7
Imported: Event TransactionScheduled(address,bytes32,uint256): 0x653f8f6fce2a503b2dfca34e95b3e4902254a11765d2658c0e5af1d64ab276cf
Imported: Event Mint(address,uint256): 0x0f6798a560793a54c3bcfe86a93cde1e73087d944c0ea20544137d4121396885
Imported: Event Paused(): 0x9e87fac88ff661f02d44f95383c817fece4bce600a3dab7a54406878b965e752
Imported: Event Unpaused(): 0xa45f47fdea8a1efdd9029a5691c7f759c32b7c698632b563573e155625d16933
Imported: Event ERC20DepositInitiated(address,address,address,address,uint256,bytes): 0x718594027abd4eaed59f95162563e0cc6d0e8d5b86b1c7be8b1b0ac3343d0396
Imported: Event Upgraded(address): 0xbc7cd75a20ee27fd9adebab32041f755214dbc6bffa90cc0225b39da2e5c2d3b
Imported: Event Withdrawal(uint256,address,address,uint8): 0x38e04cbeb8c10f8f568618aa75be0f10b6729b8b4237743b4de20cbcde2839ee
Imported: Event RetirementTimestampSet(uint256): 0x6e5b1ba771e8e484f741ed085f039ff4e5c6e882eaf68f550fb390922d0ae4a7
Imported: Event ReceivedETH(address,uint256): 0x4103257eaac983ca79a70d28f90dfc4fa16b619bb0c17ee7cab0d4034c279624
Imported: Event ERC20BridgeInitiated(address,address,address,address,uint256,bytes): 0x7ff126db8024424bbfd9826e8ab82ff59136289ea440b04b39a0df1b03b9cabf
Imported: Event ImplementationDeployed(address,bytes32): 0x9b7318127ed899f286ea9ddd7925ed8ad24a682b6a825c3b5b3d88a3f00bc1d2
Imported: Event RevokedOffchain(address,bytes32,uint64): 0x92a1f7a41a7c585a8b09e25b195e225b1d43248daca46b0faf9e0792777a2229
Imported: Event OwnerRecorded(address): 0x833bc129023866d52116d61e94b791eb8be46f05709362e0bcf1fe7c1a8c225c
Imported: Event ChallengeStatusChanged(uint256,bytes,uint8): 0xc5d8c630ba2fdacb1db24c4599df78c7fb8cf97b5aecde34939597f6697bb1ad
Imported: Event Initialized(uint8): 0x7f26b83ff96e1f2b6a682f133852f6798a09c465da95921460cefb3847402498
Imported: Event ERC721BridgeInitiated(address,address,address,address,uint256,bytes): 0xb7460e2a880f256ebef3406116ff3eee0cee51ebccdc2a40698f87ebb2e9c1a5
Imported: Event DripCreated(string,string,(bool,uint256,address,bytes,(address,bytes,uint256)[])): 0xe38d8d98e6cc66f6f520d483c6c5a89289681f897799c4c29d767cf57e76d9a6
Imported: Event Revoked(address,address,bytes32,bytes32): 0xf930a6e2523c9cc298691873087a740550b8fc85a0680830414c148ed927f615
Imported: Event LiquidityReceived(address,uint256): 0xb58278ed56aa79ad2e243963b44b165a8f76d629f61c01dd3649d658e0eacca4
Imported: Event ETHBridgeInitiated(address,address,uint256,bytes): 0x2849b43074093a05396b6f2a937dee8565b15a48a7b3d4bffb732a5017380af5
Imported: Event BeneficiaryAllowlistUpdated(address,address,bool): 0x8493e706a7e8e8fe92f1276d416d1bf108bf763aa6058953d8bd553b75aef8dc
Imported: Event RequiredBondSizeChanged(uint256): 0x4468d695a0389e5f9e8ef0c9aee6d84e74cc0d0e0a28c8413badb54697d1bbae
Imported: Event Move(uint256,bytes32,address): 0x9b3245740ec3b155098a55be84957a4da13eaf7f14a8bc6f53126c0b9350f2be
Imported: Event Transfer(address,address,uint256): 0xddf252ad1be2c89b69c2b068fc378daa952ba7f163c4a11628f55a4df523b3ef
Imported: Event SentMessage(address,address,bytes,uint256,uint256): 0xcb0f7ffd78f9aee47a248fae8db181db6eee833039123e026dcbff529522e52a
Imported: Event Burn(address,uint256): 0xcc16f5dbb4873280815c1ee09dbd06736cffcc184412cf7a71a0fdb75d397ca5
Imported: Event ImplementationExists(address): 0xfbe57d889a7f75a4e0c7da304cd158fcaddc4b925cdd9f4cfb115c0f9e48009b
Imported: Event RelayETH(address,address,uint256,uint256): 0xe5479bb8ebad3b9ac81f55f424a6289cf0a54ff2641708f41dcb2b26f264d359
Imported: Event DeputySet(address): 0x6b5500f6cd2cd4a29ab2c706a6c65833d0633a568f7263460775cebcc8e9a99b
Imported: Event Challenged(address): 0x98027b38153f995c4b802a5c7e6365bee3addb25af6b29818c0c304684d8052c
Imported: Event Initialized(uint64): 0xc7f505b2f371ae2175ee4913f4499e1f2633a7b5936321eed1cdaeb6115181d2
Imported: Event MessagePassed(uint256,address,address,uint256,uint256,bytes,bytes32): 0x02a52367d10742d8032712c1bb8e0144ff1ec5ffda1ed7d70bb05a2744955054
Imported: Event PortalAuthorized(address): 0x90a7fac2e56aebe4889351fb04eda5efb28b19dedf288bdbfd3cfd817c79630f
Imported: Event WithdrawerBalanceBurnt(uint256): 0x7967de617a5ac1cc7eba2d6f37570a0135afa950d8bb77cdd35f0d0b4e85a16f
Imported: Event ExecutingMessage(bytes32,(address,uint256,uint256,uint256,uint256)): 0x5c37832d2e8d10e346e55ad62071a6a2f9fa5130614ef2ec6617555c6f467ba7
Imported: Event FeatureSet(bytes32,bool): 0xb876f6594132c89891d2fd198e925e999be741ec809abb58bfe9b966876cc06c
Imported: Event ProxyCreation(string,address): 0x2b0807147ac5f5ad7b63c6e9cb89ca7845eb37da447c7f6ecf18ae41fcab8815
Imported: Event ETHLocked(address,uint256): 0x97efc519b9020a140ffe13878e03d340b976676090bc7fe3e33191192df7c72c
Imported: Event ETHMigrated(address,uint256): 0xd893f630c6867fa43689da9ae949ebf04cac24aad3b45c759d442ed3c32e3a37
Imported: Event Unpaused(address): 0x5db9ee0a495bf2e6ff9c91a7834c1ba4fdd244a5e8aa4e537bd38aeae4b073aa
Imported: Event _EventToExposeStructInABI__Params((address,uint256)): 0xd675e8c1bf2f28f052b74c311412663dd60576c00ce3346b9a6d614df2b0b60b
Imported: Event LockboxAuthorized(address): 0x5d2682e700a2146c8e2381e0b407003576a54e96dd08f40f3ea0d2b8706db106
Imported: Event GameClosed(uint8): 0x9908eaac0645df9d0704d06adc9e07337c951de2f06b5f2836151d48d5e4722f
Imported: Event DisputeGameBlacklisted(address): 0x192c289026d59a41a27f5aea08f3969b57931b0589202d14f4368cded95d3cda
Imported: Event WithdrawalProofDeleted(bytes32,address): 0xc52e609801931c8dcad3132b8a92414d2199941e6e09c85b117df31b6bda682a
Imported: Event WithdrewETH(address,address,uint256): 0x1f12aa8b6d492dd9b98e2b00b0b20830c2a7ded65afac13b60d169a034ae90bc
Imported: Event ModuleCleared(address): 0x9c6ff02e684f8a81389ed942fea1147c16b8cc5fe79f2bfbc520d44e214aed4b
Imported: Event WithdrawalNetworkUpdated(uint8,uint8): 0xf2ec44eb1c3b3acd547b76333eb2c4b27eee311860c57a9fdb04c95f62398fc8
Imported: Event MinWithdrawalAmountUpdated(uint256,uint256): 0x895a067c78583e800418fabf3da26a9496aab2ff3429cebdf7fefa642b2e4203
Imported: Event SentMessage(uint256,address,uint256,address,bytes): 0x382409ac69001e11931a28435afef442cbfd20d9891907e8fa373ba7d351f320
Imported: Event RespectedGameTypeSet(uint32): 0xcee0703b5e4bad4efededab85c9fd1aec17dee7c5f6c584330e0509b677745a2
Imported: Event ETHBridgeFinalized(address,address,uint256,bytes): 0x31b2166ff604fc5672ea5df08a78081d2bc6d746cadce880747f3643d819e83d
Imported: Event WithdrawalProvenExtension1(bytes32,address): 0x798f9f13695f8f045aa5f80ed8efebb695f3c7fe65da381969f2f28bf3c60b97
Imported: Event Paused(address): 0x62e78cea01bee320cd4e420270b5ea74000d11b0c9f74754ebdbfc544b05a258
Imported: Event CancellationThresholdUpdated(address,uint256,uint256): 0x4eda179760b4e68650058376d4acef78e953221317450d29b4920e6d2836944c
Imported: Event InitBondUpdated(uint32,uint256): 0x74d6665c4b26d5596a5aa13d3014e0c06af4d322075a797f87b03cd4c5bc91ca
Imported: Event SecretRevealed(bytes32,bytes): 0xbab2b812958b05e36be1f0553f496fa5d27441155d6be0469e1c3fe1e51ad858
Imported: Event Deposit(address,uint256): 0xe1fffcc4923d04b559f4d29a8bfc6cda04eb5b0d3c460751c2402c5c5cc9109c
Imported: Event OwnerChanged(address,address): 0xb532073b38c83145e3e5135377a08bf9aab55bc0fd7c1179cd4fb995d2a5159c
Imported: Event Attested(address,address,bytes32,bytes32): 0x8bf46bf4cfd674fa735a3d63ec1c9ad4153f033c290341f3a588b75685141b35
Imported: Event ERC721BridgeFinalized(address,address,address,address,uint256,bytes): 0x1f39bf6707b5d608453e0ae4c067b562bcc4c85c0f562ef5d2c774d2e7f131ac
Imported: Event WithdrewERC721(address,address,address,uint256): 0x30b478a5e196e55886228aa87ba74a7dfeba655e0a4d7ba275eabfc22aabb7a8
Imported: Event ImplementationSet(address,uint32): 0xff513d80e2c7fa487608f70a618dfbc0cf415699dc69588c747e8c71566c88de
Imported: Event Staked(address,uint128): 0x2eefbcc6809174727cb788be082c392be6c822829c56ab5eb44d528e9d9f37f9
Imported: Event ChallengeCancelled(address): 0xadfa6511c5a9b5ac1adc5e4e0ca637c465f24ab56c1bd255a083e0023e3b7c42
Imported: Event ChallengeStarted(address,uint256): 0x3eb9241ca06793ab672590e858d0977206f824e7367806f94a90af391d275d33
Imported: Event BeneficiarySet(address,address): 0x2906d223dc4163733bb374af8641c7e9ae256e2bae53c90e0c9a2be2e611ae44
Imported: Event StandardL2TokenCreated(address,address): 0xceeb8e7d520d7f3b65fc11a262b91066940193b05d4f93df07cfdced0eb551cf
Imported: Event Message(string): 0x51a7f65c6325882f237d4aeb43228179cfad48b868511d508e24b4437a819137
Imported: Event DripStatusUpdated(string,string,uint8): 0x407cb3ad05e60ec498fb39417c7a4f6b82d5ba80f82fe512a37b02c93181a2a1
Imported: Event WithdrawalFinalized(bytes32,bool): 0xdb5c7652857aa163daadd670e116628fb42e869d8ac4251ef8971d9e5727df1b
Imported: Event LiquidityMinted(address,uint256): 0x85719716ac5bd2744ae7ed3d16702129383049b97123b506320e7a5826ebbbba
Imported: Event MinterDeauthorized(address): 0xdf6bf03dfab5b4ccec3ba95544b98d7ecc9d4b9293d8673e86cb6edb5ac0cb62
Imported: Event ResolverRefundPercentageChanged(uint256): 0xbbd8605de8f773fedb355c2fecd4b6b2e16a10a44e6676a63b375ac8f693758d
Imported: Event DepositFinalized(address,address,address,address,uint256,bytes): 0xb0444523268717a02698be47d0803aa7468c00acbed2f8bd93a0459cde61dd89
Imported: Event OptimismMintableERC721Created(address,address,address): 0xe72783bb8e0ca31286b85278da59684dd814df9762a52f0837f89edd1483b299
Imported: Event LiquidityWithdrawn(address,uint256): 0xb1cce8684b4ffa8667b4577654e61ee3480d661ee9c27522ac80e211f6bd4d25
Imported: Event DelegateVotesChanged(address,uint256,uint256): 0xdec2bacdd2f05b59de34da9b523dff8be42e5e38e818c82fdb0bae774387a724
Imported: Event OwnershipTransferredToFallback(): 0x903af33ae084e750e45a10a53f61a69a4c5444f13a59954f5b3cf96e2862b5f4
Imported: Event ETHUnlocked(address,uint256): 0xe9512d49448b580f3d29031e9243ee81bc8789a93d6f04ec8f03b694d623637b
Imported: Event _EventToExposeStructInABI__Params((uint256,bytes32,bytes32)): 0xe696aefa5d73185c96c67a87c9597f9ef8d746736183999616f1e6f5a839b282
Imported: Event Withdrawal(address,uint256): 0x7fcf532c15f0a6db0bd6d0e038bea71d30d808c7d98cb3bf7268a95bf5081b65
Imported: Event ApprovalForAll(address,address,bool): 0x17307eab39ab6107e8899845ad3d59bd9653f200f220920489ca2b5937696c31
Imported: Event ConfigUpdate(uint256,uint8,bytes): 0x1d2b0bda21d56b8bd12d4f94ebacffdfb35f5e226f84b461103bb8beab6353be
Imported: Event ImplementationArgsSet(uint32,bytes): 0xa47fcdf075d680d3817bfca7973b373e1a5f6cfc3b444748299cc2b83d8348f9
Imported: Event Timestamped(bytes32,uint64): 0x5aafceeb1c7ad58e4a84898bdee37c02c0fc46e7d24e6b60e8209449f183459f
Imported: Event EffectiveStakeChanged(address,uint256): 0x09cb1cd0133a53d7a23c9cd8ad2d55c03ce5505c752d3dcc6ec6a6e085e2e03d
Imported: Event OwnershipTransferred(address,address,bool): 0x7fdc2a4b6eb39ec3363d710d188620bd1e97b3c434161f187b4d0dc0544faa58
Imported: Event AnchorUpdated(address): 0x474f180d74ea8751955ee261c93ff8270411b180408d1014c49f552c92a4d11e
Imported: Event Approval(address,address,uint256): 0x8c5be1e5ebec7d5bd14f71427d1e84f3dd0314c0f7b2291e5b200ac8c7c3b925
Imported: Event Drip(string,bytes32,uint256,address): 0x2cebdf1cc706a50e1b28bf2fc5cfbd7204747a3b82439b85721a474df3a355a4
Imported: Event ETHDepositInitiated(address,address,uint256,bytes): 0x35d79ab81f2b2017e19afb5c5571778877782d7a8786f5907f93b0f4702f4f23
Imported: Event LiquidityMinted(address,address,uint256): 0xec89d80a36947288037745287dde87d62cd8c141d5323130b3d26d97d84004c7
Imported: Event PortalMigrated(address,address,address,address): 0x9e5368471a58d81987e5dc7d6374dd5ed5e756cc95a79ff726903423bce0060d
Imported: Event WithdrawalProven(bytes32,address,address): 0x67a6208cfcc0801d50f6cbe764733f4fddf66ac0b04442061a8a8c0cb6b63f62
Imported: Event DripExecuted(string,string,address,uint256): 0xea21435419aad9c54a9d90e2522b6f60bd566401f36fcef661f5f5a28cc0d2c6
Imported: Event DisputeGameCreated(address,uint32,bytes32): 0x5b565efe82411da98814f356d0e7bcb8f0219b8d970307c5afb4a6903a8b2e35
Imported: Event OwnershipTransferred(address,address): 0x8be0079c531659141344cd1fd0a4f28419497f9722a3daafe3b4186f6b6457e0
Imported: Event GuardConfigured(address,uint256): 0xa48d13ee8fad9974fa901cfb88a02d39c5361efbab13bb9b3aa7caa3f6d6b786
Imported: Event FailedRelayedMessage(bytes32): 0x99d0e048484baa1b1540b1367cb128acd7ab2946d1ed91ec10e3c85e4bf51b8f
Imported: Event TransactionCancelled(address,bytes32): 0xa42fd857b47d3d04f5b29f35cb05343f66b317633d2dc2910726bd4bca1a1625
Imported: Event PredeploysUpgraded(address): 0x14e22d69ea30aab5b2220164345b33bdb5125e9c77a7d5fe12e23a1c691bd139
Imported: Event OptimismMintableERC20Created(address,address,address): 0x52fe89dd5930f343d25650b62fd367bae47088bcddffd2a88350a6ecdd620cdb
Imported: Event BeneficiaryRemoved(address,address): 0x1a6590bd0cabbfcc7c86bef99e1034054e179905cfcc294598fcd426c0922442
Imported: Event TransactionDeposited(address,address,uint256,bytes): 0xb3813568d9991fc951961fcb4c784893574240a28925604d09fc577c55bb7c32
Imported: Event SentMessageExtension1(address,uint256): 0x8ebb2ec2465bdb2a06a66fc37a0963af8a2a6a1479d81d56fdb8cbb98096d546
Imported: Event DelegateChanged(address,address,address): 0x3134e8a2e6d97e929a7e54011ea5485d7d196dd5f0ba4d4ef95803e8e3fc257f
Imported: Event BalanceChanged(address,uint256): 0xa448afda7ea1e3a7a10fcab0c29fe9a9dd85791503bf0171f281521551c7ec05
Imported: Event ERC20BridgeFinalized(address,address,address,address,uint256,bytes): 0xd59c65b35445225835c83f50b6ede06a7be047d22e357073e250d9af537518cd
Imported: Event RemovedOwner(address): 0xf8d49fc529812e9a7c5c50e69c20f0dccc0db8fa95c98bc58cc9a4f1c1299eaf
Imported: Event EIP712DomainChanged(): 0x0a6387c9ea3628b88a633bb4f3b151770f70085117a15f9bf3787cda53f13d31
Imported: Event LiquidityFunded(address,uint256): 0xbb9e497a5b82d1a37f9496dd70c6efb97ba0d98c66c3422d05010105d0633598
Imported: Event OwnerUpdated(address,address): 0x8292fce18fa69edf4db7b94ea2e58241df0ae57f97e0a6c9b29067028bf92d76
Imported: Event MinterAuthorized(address): 0x83b05b6735acd4b85e3bded8e72c851d1a87718f81e3c8e6f0c9d9a2baa88e46
Imported: Event ChallengeSucceeded(address,address): 0xdfdecb71eb0580c9263c867bc6de9dd6f859cc6a6ee33d47e505904f1d5601c9
Imported: Event AddressSet(string,address,address): 0x9416a153a346f93d95f94b064ae3f148b6460473c6e82b3f9fc2521b873fcd6c
Imported: Event ModuleConfigured(address,uint256,address): 0x47e2ddae3ece2c77f60d8e9e5a89a50f1d1374a87fb11956d27a6b4986bba17e
Imported: Event ConfigUpdate(uint8,bytes): 0x7b743789cff01dafdeae47739925425aab5dfd02d0c8229e4a508bcd2b9f42bb
Selectors successfully uploaded to OpenChain
